============================================================
 BMFM-DNA-SNP GWAS Regression Fine-tuning
 Job ID      : 28887579
 Node        : gpu-q-29
 GPU(s)      : 0
 Input dir   : /home/ec474/rds/hpc-work/ADNI_SNP/bmfm_gwas_signed_regression_without_ukb_augmented_by_chrom_combos
 Output dir  : /home/ec474/rds/hpc-work/ADNI_SNP/bmfm_gwas_regression_output/bmfm_gwas_combos_lr1e6_2ep
 Start time  : Tue May  5 15:27:17 BST 2026
============================================================
[2026-05-05 15:36:15,548][bmfm_targets.config.main_config][INFO] - Loading configs from checkpoint ibm-research/biomed.dna.snp.modernbert.113m.v1
[2026-05-05 15:36:17,655][bmfm_targets.models.model_utils][INFO] - Downloaded checkpoint from HuggingFace: ibm-research/biomed.dna.snp.modernbert.113m.v1 - Local path: /home/ec474/.cache/huggingface/hub/models--ibm-research--biomed.dna.snp.modernbert.113m.v1/snapshots/f4243a239f8124e709db5630139b5da303697950
[2026-05-05 15:36:17,677][bmfm_targets.models.model_utils][INFO] - Downloaded HF checkpoint to: /home/ec474/.cache/huggingface/hub/models--ibm-research--biomed.dna.snp.modernbert.113m.v1/snapshots/f4243a239f8124e709db5630139b5da303697950/last.ckpt
[2026-05-05 15:36:31,649][bmfm_targets.config.main_config][INFO] - checkpoint merge: loading hyperparameters from /home/ec474/.cache/huggingface/hub/models--ibm-research--biomed.dna.snp.modernbert.113m.v1/snapshots/f4243a239f8124e709db5630139b5da303697950/last.ckpt; hyper_parameters=type=dict, keys=['model_config', 'trainer_config', 'label_dict']
[2026-05-05 15:36:31,649][bmfm_targets.config.main_config][INFO] - checkpoint merge: model config=type=SCModernBertConfig, attrs=['add_cross_attention', 'architectures', 'attention_bias', 'attention_dropout', 'attribute_map', 'bad_words_ids', 'base_config_key', 'base_model_ep_plan', 'base_model_pp_plan', 'base_model_tp_plan', 'begin_suppress_tokens', 'bos_token_id', 'checkpoint', 'chunk_size_feed_forward', 'classifier_activation', 'classifier_bias', 'classifier_dropout', 'classifier_pooling', 'cross_attention_hidden_size', 'decoder_bias', 'decoder_start_token_id', 'deterministic_flash_attn', 'diversity_penalty', 'do_sample', 'early_stopping', 'embedding_dropout', 'encoder_no_repeat_ngram_size', 'eos_token_id', 'exponential_decay_length_penalty', 'fields', 'finetuning_task', 'forced_bos_token_id', 'forced_eos_token_id', 'global_attn_every_n_layers', 'global_rope_theta', 'has_no_defaults_at_init', 'hidden_act', 'hidden_activation', 'hidden_dropout_prob', 'hidden_size', 'id2label', 'initializer_cutoff_factor', 'initializer_range', 'intermediate_size', 'is_decoder', 'is_encoder_decoder', 'keys_to_ignore_at_inference', 'label2id', 'label_columns', 'layer_norm_eps', 'length_penalty', 'local_attention', 'local_rope_theta', 'max_length', 'max_position_embeddings', 'min_length', 'mlp_bias', 'mlp_dropout', 'model_type', 'name_or_path', 'no_repeat_ngram_size', 'norm_bias', 'norm_eps', 'num_attention_heads', 'num_beam_groups', 'num_beams', 'num_hidden_layers', 'num_labels', 'num_return_sequences', 'output_attentions', 'output_hidden_states', 'output_scores', 'pad_token_id', 'position_embedding_type', 'prefix', 'problem_type', 'pruned_heads', 'reference_compile', 'remove_invalid_values', 'repad_logits_with_grad', 'repetition_penalty', 'return_dict', 'return_dict_in_generate', 'sep_token_id', 'sparse_pred_ignore_index', 'sparse_prediction', 'sub_configs', 'suppress_tokens', 'task_specific_params', 'temperature', 'tf_legacy_loss', 'tie_encoder_decoder', 'tie_word_embeddings', 'tokenizer_class', 'top_k', 'top_p', 'torch_dtype', 'torchscript', 'transformers_version', 'typical_p', 'use_bfloat16', 'use_cache', 'use_return_dict', 'vocab_size']; trainer config=type=TrainerConfig, attrs=['batch_prediction_behavior', 'betas', 'enable_perturbation_metrics', 'epsilon', 'learning_rate', 'lora_config', 'losses', 'lr_decay_steps', 'pooling_method', 'warmup_steps', 'weight_decay']
[2026-05-05 15:36:31,649][bmfm_targets.config.main_config][INFO] - checkpoint merge: extracted fields from checkpoint=list(len=1, names=['dna_chunks']); yaml fields=list(len=1, names=['dna_chunks'])
[2026-05-05 15:36:31,649][bmfm_targets.config.main_config][INFO] - Merging fields: checkpoint fields: [FieldInfo(field_name='dna_chunks', vocab_size=4096, pretrained_embedding=None, vocab_update_strategy='static', is_masked=True, is_input=True, decode_modes={'token_scores': {}}, tokenization_strategy='tokenize', num_special_tokens=5, encoder_kwargs=None, datastore_config=None)] and [FieldInfo(field_name='dna_chunks', vocab_size=None, pretrained_embedding=None, vocab_update_strategy='static', is_masked=False, is_input=True, decode_modes=None, tokenization_strategy='tokenize', num_special_tokens=0, encoder_kwargs=None, datastore_config=None)]
[2026-05-05 15:36:31,650][bmfm_targets.config.main_config][INFO] - fields: Using checkpoint config for existing fields: ['dna_chunks']
[2026-05-05 15:36:36,742][bmfm_targets.models.model_utils][INFO] - Downloaded tokenizer from HuggingFace: ibm-research/biomed.dna.snp.modernbert.113m.v1 - Local path: /home/ec474/.cache/huggingface/hub/models--ibm-research--biomed.dna.snp.modernbert.113m.v1/snapshots/f4243a239f8124e709db5630139b5da303697950
[2026-05-05 15:36:39,206][bmfm_targets.tasks.task_utils][INFO] - seed: 1234
[2026-05-05 15:36:39,464][bmfm_targets.models.model_utils][INFO] - Downloaded checkpoint from HuggingFace: ibm-research/biomed.dna.snp.modernbert.113m.v1 - Local path: /home/ec474/.cache/huggingface/hub/models--ibm-research--biomed.dna.snp.modernbert.113m.v1/snapshots/f4243a239f8124e709db5630139b5da303697950
[2026-05-05 15:36:39,464][bmfm_targets.models.model_utils][INFO] - Downloaded HF checkpoint to: /home/ec474/.cache/huggingface/hub/models--ibm-research--biomed.dna.snp.modernbert.113m.v1/snapshots/f4243a239f8124e709db5630139b5da303697950/last.ckpt
[2026-05-05 15:36:39,464][bmfm_targets.tasks.task_utils][INFO] - Training dataset does not contains group means ...
[2026-05-05 15:36:41,122][bmfm_targets.models.predictive.scmodernbert.modeling_scmodernbert][WARNING] - Tie weights not supported for this model
[2026-05-05 15:36:41,123][bmfm_targets.models.predictive.scmodernbert.modeling_scmodernbert][INFO] - Loading model from checkpoint /home/ec474/.cache/huggingface/hub/models--ibm-research--biomed.dna.snp.modernbert.113m.v1/snapshots/f4243a239f8124e709db5630139b5da303697950/last.ckpt
[2026-05-05 15:36:45,516][bmfm_targets.models.predictive.scmodernbert.modeling_scmodernbert][INFO] - Loading complete. 141 layers in ckpt.
[2026-05-05 15:36:45,517][bmfm_targets.models.predictive.scmodernbert.modeling_scmodernbert][INFO] - Unexpected keys: ['cls.predictions.transform.dense.weight', 'cls.predictions.transform.dense.bias', 'cls.predictions.transform.LayerNorm.weight', 'cls.predictions.transform.LayerNorm.bias', 'cls.predictions.decoder.field_decoders.dna_chunks_token_scores.weight', 'cls.predictions.decoder.field_decoders.dna_chunks_token_scores.bias']
[2026-05-05 15:36:45,517][bmfm_targets.models.predictive.scmodernbert.modeling_scmodernbert][INFO] - Missing keys: ['scmodernbert.pooler.dense.weight', 'scmodernbert.pooler.dense.bias', 'cls.predictions.predictions.transform.dense.weight', 'cls.predictions.predictions.transform.dense.bias', 'cls.predictions.predictions.transform.LayerNorm.weight', 'cls.predictions.predictions.transform.LayerNorm.bias', 'cls.predictions.predictions.decoder.field_decoders.dna_chunks_token_scores.weight', 'cls.predictions.predictions.decoder.field_decoders.dna_chunks_token_scores.bias', 'cls.label_predictions.predictions.label_decoders.z_score.decoder.weight', 'cls.label_predictions.predictions.label_decoders.z_score.decoder.bias']
[2026-05-05 15:36:45,879][bmfm_targets.models.model_utils][INFO] - Migrating mlm_or_seqlabel checkpoint
[2026-05-05 15:36:45,930][bmfm_targets.training.modules.base][INFO] - LoRA config from trainer_config: None
[2026-05-05 15:36:45,930][bmfm_targets.training.modules.base][INFO] - trainer_config.lora_config raw value: None
[2026-05-05 15:36:45,931][bmfm_targets.training.modules.base][INFO] - LoRA is NOT active - lora_config is None or False
┏━━━┳━━━━━━━━━━━━━━━┳━━━━━━━━━━━━━━━━━━━━━━━━━━━━━━━━━┳━━━━━━━━┳━━━━━━━┳━━━━━━━┓
┃   ┃ Name          ┃ Type                            ┃ Params ┃ Mode  ┃ FLOPs ┃
┡━━━╇━━━━━━━━━━━━━━━╇━━━━━━━━━━━━━━━━━━━━━━━━━━━━━━━━━╇━━━━━━━━╇━━━━━━━╇━━━━━━━┩
│ 0 │ train_metrics │ MultitaskWrapper                │      0 │ train │     0 │
│ 1 │ val_metrics   │ MultitaskWrapper                │      0 │ train │     0 │
│ 2 │ test_metrics  │ MultitaskWrapper                │      0 │ train │     0 │
│ 3 │ model         │ SCModernBertForMultiTaskModeli… │  117 M │ train │     0 │
└───┴───────────────┴─────────────────────────────────┴────────┴───────┴───────┘
Trainable params: 117 M                                                         
Non-trainable params: 0                                                         
Total params: 117 M                                                             
Total estimated model params size (MB): 471                                     
Modules in train mode: 321                                                      
Modules in eval mode: 0                                                         
Total FLOPs: 0                                                                  
Epoch 0/1                                     0/864 0:07:21 • -:--:-- 0.00it/s 
============================================================
 Finished: Tue May  5 15:45:27 BST 2026
 Exit code: 1
============================================================
[ERROR] Fine-tuning failed with exit code 1
