Fetching 12 files:   0%|          | 0/12 [00:00<?, ?it/s]Fetching 12 files: 100%|██████████| 12/12 [00:00<00:00, 173557.41it/s]
`torch_dtype` is deprecated! Use `dtype` instead!
Fetching 10 files:   0%|          | 0/10 [00:00<?, ?it/s]Fetching 10 files: 100%|██████████| 10/10 [00:00<00:00, 142663.40it/s]
[rank: 0] Seed set to 1234
GPU available: True (cuda), used: True
TPU available: False, using: 0 TPU cores
💡 Tip: For seamless cloud logging and experiment tracking, try installing [litlogger](https://pypi.org/project/litlogger/) to enable LitLogger, which logs metrics and artifacts automatically to the Lightning Experiments platform.
Fetching 12 files:   0%|          | 0/12 [00:00<?, ?it/s]Fetching 12 files: 100%|██████████| 12/12 [00:00<00:00, 148034.26it/s]
SCModernBertForMultiTaskModeling has generative capabilities, as `prepare_inputs_for_generation` is explicitly defined. However, it doesn't directly inherit from `GenerationMixin`. From 👉v4.50👈 onwards, `PreTrainedModel` will NOT inherit from `GenerationMixin`, and this model will lose the ability to call `generate` and other related functions.
  - If you're using `trust_remote_code=True`, you can get rid of this warning by loading the model with an auto class. See https://huggingface.co/docs/transformers/en/model_doc/auto#auto-classes
  - If you are the owner of the model architecture code, please modify your model class such that it inherits from `GenerationMixin` (after `PreTrainedModel`, otherwise you'll get an exception).
  - If you are not the owner of the model architecture class, please contact the model code owner to update it.
/home/ec474/.conda/envs/bmfm/lib/python3.10/site-packages/pytorch_lightning/callbacks/model_checkpoint.py:881: Checkpoint directory /rds/user/ec474/hpc-work/ADNI_SNP/bmfm_gwas_regression_output/bmfm_gwas_combos_lr1e6_2ep exists and is not empty.
LOCAL_RANK: 0 - CUDA_VISIBLE_DEVICES: [0]
SLURM auto-requeueing enabled. Setting signal handlers.
/home/ec474/.conda/envs/bmfm/lib/python3.10/site-packages/pytorch_lightning/loops/optimization/automatic.py:134: `training_step` returned `None`. If this was on purpose, ignore this warning...
Error executing job with overrides: ['input_directory=/home/ec474/rds/hpc-work/ADNI_SNP/bmfm_gwas_signed_regression_without_ukb_augmented_by_chrom_combos', 'working_dir=/home/ec474/rds/hpc-work/ADNI_SNP/bmfm_gwas_regression_output/bmfm_gwas_combos_lr1e6_2ep', "checkpoint='ibm-research/biomed.dna.snp.modernbert.113m.v1'"]
Traceback (most recent call last):
  File "/home/ec474/.conda/envs/bmfm/lib/python3.10/site-packages/clearml/binding/hydra_bind.py", line 230, in _patched_task_function
    return task_function(a_config, *a_args, **a_kwargs)
  File "/rds/user/ec474/hpc-work/biomed-multi-omic/bmfm_targets/tasks/scbert/scbert_main.py", line 44, in main
    trainer = main_run(
  File "/rds/user/ec474/hpc-work/biomed-multi-omic/bmfm_targets/tasks/task_utils.py", line 79, in main_run
    train_run(pl_trainer, task_config, model_config, data_module, trainer_config)
  File "/rds/user/ec474/hpc-work/biomed-multi-omic/bmfm_targets/tasks/task_utils.py", line 111, in train_run
    train(
  File "/rds/user/ec474/hpc-work/biomed-multi-omic/bmfm_targets/tasks/task_utils.py", line 433, in train
    pl_trainer.fit(**kwargs)
  File "/home/ec474/.conda/envs/bmfm/lib/python3.10/site-packages/pytorch_lightning/trainer/trainer.py", line 584, in fit
    call._call_and_handle_interrupt(
  File "/home/ec474/.conda/envs/bmfm/lib/python3.10/site-packages/pytorch_lightning/trainer/call.py", line 49, in _call_and_handle_interrupt
    return trainer_fn(*args, **kwargs)
  File "/home/ec474/.conda/envs/bmfm/lib/python3.10/site-packages/pytorch_lightning/trainer/trainer.py", line 630, in _fit_impl
    self._run(model, ckpt_path=ckpt_path, weights_only=weights_only)
  File "/home/ec474/.conda/envs/bmfm/lib/python3.10/site-packages/pytorch_lightning/trainer/trainer.py", line 1079, in _run
    results = self._run_stage()
  File "/home/ec474/.conda/envs/bmfm/lib/python3.10/site-packages/pytorch_lightning/trainer/trainer.py", line 1123, in _run_stage
    self.fit_loop.run()
  File "/home/ec474/.conda/envs/bmfm/lib/python3.10/site-packages/pytorch_lightning/loops/fit_loop.py", line 217, in run
    self.advance()
  File "/home/ec474/.conda/envs/bmfm/lib/python3.10/site-packages/pytorch_lightning/loops/fit_loop.py", line 465, in advance
    self.epoch_loop.run(self._data_fetcher)
  File "/home/ec474/.conda/envs/bmfm/lib/python3.10/site-packages/pytorch_lightning/loops/training_epoch_loop.py", line 153, in run
    self.advance(data_fetcher)
  File "/home/ec474/.conda/envs/bmfm/lib/python3.10/site-packages/pytorch_lightning/loops/training_epoch_loop.py", line 352, in advance
    batch_output = self.automatic_optimization.run(trainer.optimizers[0], batch_idx, kwargs)
  File "/home/ec474/.conda/envs/bmfm/lib/python3.10/site-packages/pytorch_lightning/loops/optimization/automatic.py", line 192, in run
    self._optimizer_step(batch_idx, closure)
  File "/home/ec474/.conda/envs/bmfm/lib/python3.10/site-packages/pytorch_lightning/loops/optimization/automatic.py", line 270, in _optimizer_step
    call._call_lightning_module_hook(
  File "/home/ec474/.conda/envs/bmfm/lib/python3.10/site-packages/pytorch_lightning/trainer/call.py", line 177, in _call_lightning_module_hook
    output = fn(*args, **kwargs)
  File "/home/ec474/.conda/envs/bmfm/lib/python3.10/site-packages/pytorch_lightning/core/module.py", line 1368, in optimizer_step
    optimizer.step(closure=optimizer_closure)
  File "/home/ec474/.conda/envs/bmfm/lib/python3.10/site-packages/pytorch_lightning/core/optimizer.py", line 154, in step
    step_output = self._strategy.optimizer_step(self._optimizer, closure, **kwargs)
  File "/home/ec474/.conda/envs/bmfm/lib/python3.10/site-packages/pytorch_lightning/strategies/strategy.py", line 239, in optimizer_step
    return self.precision_plugin.optimizer_step(optimizer, model=model, closure=closure, **kwargs)
  File "/home/ec474/.conda/envs/bmfm/lib/python3.10/site-packages/pytorch_lightning/plugins/precision/precision.py", line 123, in optimizer_step
    return optimizer.step(closure=closure, **kwargs)
  File "/home/ec474/.conda/envs/bmfm/lib/python3.10/site-packages/torch/optim/optimizer.py", line 484, in wrapper
    out = func(*args, **kwargs)
  File "/home/ec474/.conda/envs/bmfm/lib/python3.10/site-packages/torch/optim/optimizer.py", line 89, in _use_grad
    ret = func(self, *args, **kwargs)
  File "/home/ec474/.conda/envs/bmfm/lib/python3.10/site-packages/torch/optim/adamw.py", line 204, in step
    loss = closure()
  File "/home/ec474/.conda/envs/bmfm/lib/python3.10/site-packages/pytorch_lightning/plugins/precision/precision.py", line 109, in _wrap_closure
    closure_result = closure()
  File "/home/ec474/.conda/envs/bmfm/lib/python3.10/site-packages/pytorch_lightning/loops/optimization/automatic.py", line 146, in __call__
    self._result = self.closure(*args, **kwargs)
  File "/home/ec474/.conda/envs/bmfm/lib/python3.10/site-packages/torch/utils/_contextlib.py", line 116, in decorate_context
    return func(*args, **kwargs)
  File "/home/ec474/.conda/envs/bmfm/lib/python3.10/site-packages/pytorch_lightning/loops/optimization/automatic.py", line 131, in closure
    step_output = self._step_fn()
  File "/home/ec474/.conda/envs/bmfm/lib/python3.10/site-packages/pytorch_lightning/loops/optimization/automatic.py", line 319, in _training_step
    training_step_output = call._call_strategy_hook(trainer, "training_step", *kwargs.values())
  File "/home/ec474/.conda/envs/bmfm/lib/python3.10/site-packages/pytorch_lightning/trainer/call.py", line 329, in _call_strategy_hook
    output = fn(*args, **kwargs)
  File "/home/ec474/.conda/envs/bmfm/lib/python3.10/site-packages/pytorch_lightning/strategies/strategy.py", line 391, in training_step
    return self.lightning_module.training_step(*args, **kwargs)
  File "/rds/user/ec474/hpc-work/biomed-multi-omic/bmfm_targets/training/modules/base.py", line 349, in training_step
    outputs = self.model(
  File "/home/ec474/.conda/envs/bmfm/lib/python3.10/site-packages/torch/nn/modules/module.py", line 1553, in _wrapped_call_impl
    return self._call_impl(*args, **kwargs)
  File "/home/ec474/.conda/envs/bmfm/lib/python3.10/site-packages/torch/nn/modules/module.py", line 1562, in _call_impl
    return forward_call(*args, **kwargs)
  File "/rds/user/ec474/hpc-work/biomed-multi-omic/bmfm_targets/models/predictive/scmodernbert/modeling_scmodernbert.py", line 1389, in forward
    outputs = self.scmodernbert(
  File "/home/ec474/.conda/envs/bmfm/lib/python3.10/site-packages/torch/nn/modules/module.py", line 1553, in _wrapped_call_impl
    return self._call_impl(*args, **kwargs)
  File "/home/ec474/.conda/envs/bmfm/lib/python3.10/site-packages/torch/nn/modules/module.py", line 1562, in _call_impl
    return forward_call(*args, **kwargs)
  File "/rds/user/ec474/hpc-work/biomed-multi-omic/bmfm_targets/models/predictive/scmodernbert/modeling_scmodernbert.py", line 812, in forward
    attention_mask, sliding_window_mask = self._update_attention_mask(
  File "/rds/user/ec474/hpc-work/biomed-multi-omic/bmfm_targets/models/predictive/scmodernbert/modeling_scmodernbert.py", line 903, in _update_attention_mask
    global_attention_mask = _prepare_4d_attention_mask(attention_mask, self.dtype)
  File "/home/ec474/.conda/envs/bmfm/lib/python3.10/site-packages/transformers/modeling_attn_mask_utils.py", line 432, in _prepare_4d_attention_mask
    return AttentionMaskConverter._expand_mask(mask=mask, dtype=dtype, tgt_len=tgt_len)
  File "/home/ec474/.conda/envs/bmfm/lib/python3.10/site-packages/transformers/modeling_attn_mask_utils.py", line 198, in _expand_mask
    return inverted_mask.masked_fill(inverted_mask.to(torch.bool), torch.finfo(dtype).min)
torch.OutOfMemoryError: CUDA out of memory. Tried to allocate 2.00 GiB. GPU 0 has a total capacity of 79.25 GiB of which 579.69 MiB is free. Including non-PyTorch memory, this process has 78.68 GiB memory in use. Of the allocated memory 78.14 GiB is allocated by PyTorch, and 53.11 MiB is reserved by PyTorch but unallocated. If reserved but unallocated memory is large try setting PYTORCH_CUDA_ALLOC_CONF=expandable_segments:True to avoid fragmentation.  See documentation for Memory Management  (https://pytorch.org/docs/stable/notes/cuda.html#environment-variables)

Set the environment variable HYDRA_FULL_ERROR=1 for a complete stack trace.
