Fetching 12 files:   0%|          | 0/12 [00:00<?, ?it/s]Fetching 12 files:   8%|▊         | 1/12 [00:02<00:26,  2.42s/it]Fetching 12 files:  17%|█▋        | 2/12 [00:16<01:30,  9.02s/it]Fetching 12 files: 100%|██████████| 12/12 [00:16<00:00,  1.34s/it]
`torch_dtype` is deprecated! Use `dtype` instead!
Fetching 10 files:   0%|          | 0/10 [00:00<?, ?it/s]Fetching 10 files: 100%|██████████| 10/10 [00:00<00:00, 544.09it/s]
[rank: 0] Seed set to 1234
GPU available: True (cuda), used: True
TPU available: False, using: 0 TPU cores
💡 Tip: For seamless cloud logging and experiment tracking, try installing [litlogger](https://pypi.org/project/litlogger/) to enable LitLogger, which logs metrics and artifacts automatically to the Lightning Experiments platform.
Fetching 12 files:   0%|          | 0/12 [00:00<?, ?it/s]Fetching 12 files: 100%|██████████| 12/12 [00:00<00:00, 659.07it/s]
SCModernBertForMultiTaskModeling has generative capabilities, as `prepare_inputs_for_generation` is explicitly defined. However, it doesn't directly inherit from `GenerationMixin`. From 👉v4.50👈 onwards, `PreTrainedModel` will NOT inherit from `GenerationMixin`, and this model will lose the ability to call `generate` and other related functions.
  - If you're using `trust_remote_code=True`, you can get rid of this warning by loading the model with an auto class. See https://huggingface.co/docs/transformers/en/model_doc/auto#auto-classes
  - If you are the owner of the model architecture code, please modify your model class such that it inherits from `GenerationMixin` (after `PreTrainedModel`, otherwise you'll get an exception).
  - If you are not the owner of the model architecture class, please contact the model code owner to update it.
/home/ec474/.conda/envs/bmfm/lib/python3.10/site-packages/pytorch_lightning/callbacks/model_checkpoint.py:881: Checkpoint directory /rds/user/ec474/hpc-work/ADNI_SNP/bmfm_gwas_regression_output/bmfm_gwas_combos_lr1e6_2ep exists and is not empty.
LOCAL_RANK: 0 - CUDA_VISIBLE_DEVICES: [0]
SLURM auto-requeueing enabled. Setting signal handlers.
icx: error: unable to execute command: Illegal instruction
icx: error: linker command failed due to signal (use -v to see invocation)
icx: error: unable to execute command: Illegal instruction
icx: error: linker command failed due to signal (use -v to see invocation)
Error executing job with overrides: ['input_directory=/home/ec474/rds/hpc-work/ADNI_SNP/bmfm_gwas_signed_regression_without_ukb_augmented_by_chrom_combos', 'working_dir=/home/ec474/rds/hpc-work/ADNI_SNP/bmfm_gwas_regression_output/bmfm_gwas_combos_lr1e6_2ep', "checkpoint='ibm-research/biomed.dna.snp.modernbert.113m.v1'"]
Traceback (most recent call last):
  File "/home/ec474/.conda/envs/bmfm/lib/python3.10/site-packages/clearml/binding/hydra_bind.py", line 230, in _patched_task_function
    return task_function(a_config, *a_args, **a_kwargs)
  File "/rds/user/ec474/hpc-work/biomed-multi-omic/bmfm_targets/tasks/scbert/scbert_main.py", line 44, in main
    trainer = main_run(
  File "/rds/user/ec474/hpc-work/biomed-multi-omic/bmfm_targets/tasks/task_utils.py", line 79, in main_run
    train_run(pl_trainer, task_config, model_config, data_module, trainer_config)
  File "/rds/user/ec474/hpc-work/biomed-multi-omic/bmfm_targets/tasks/task_utils.py", line 111, in train_run
    train(
  File "/rds/user/ec474/hpc-work/biomed-multi-omic/bmfm_targets/tasks/task_utils.py", line 433, in train
    pl_trainer.fit(**kwargs)
  File "/home/ec474/.conda/envs/bmfm/lib/python3.10/site-packages/pytorch_lightning/trainer/trainer.py", line 584, in fit
    call._call_and_handle_interrupt(
  File "/home/ec474/.conda/envs/bmfm/lib/python3.10/site-packages/pytorch_lightning/trainer/call.py", line 49, in _call_and_handle_interrupt
    return trainer_fn(*args, **kwargs)
  File "/home/ec474/.conda/envs/bmfm/lib/python3.10/site-packages/pytorch_lightning/trainer/trainer.py", line 630, in _fit_impl
    self._run(model, ckpt_path=ckpt_path, weights_only=weights_only)
  File "/home/ec474/.conda/envs/bmfm/lib/python3.10/site-packages/pytorch_lightning/trainer/trainer.py", line 1079, in _run
    results = self._run_stage()
  File "/home/ec474/.conda/envs/bmfm/lib/python3.10/site-packages/pytorch_lightning/trainer/trainer.py", line 1123, in _run_stage
    self.fit_loop.run()
  File "/home/ec474/.conda/envs/bmfm/lib/python3.10/site-packages/pytorch_lightning/loops/fit_loop.py", line 217, in run
    self.advance()
  File "/home/ec474/.conda/envs/bmfm/lib/python3.10/site-packages/pytorch_lightning/loops/fit_loop.py", line 465, in advance
    self.epoch_loop.run(self._data_fetcher)
  File "/home/ec474/.conda/envs/bmfm/lib/python3.10/site-packages/pytorch_lightning/loops/training_epoch_loop.py", line 153, in run
    self.advance(data_fetcher)
  File "/home/ec474/.conda/envs/bmfm/lib/python3.10/site-packages/pytorch_lightning/loops/training_epoch_loop.py", line 352, in advance
    batch_output = self.automatic_optimization.run(trainer.optimizers[0], batch_idx, kwargs)
  File "/home/ec474/.conda/envs/bmfm/lib/python3.10/site-packages/pytorch_lightning/loops/optimization/automatic.py", line 192, in run
    self._optimizer_step(batch_idx, closure)
  File "/home/ec474/.conda/envs/bmfm/lib/python3.10/site-packages/pytorch_lightning/loops/optimization/automatic.py", line 270, in _optimizer_step
    call._call_lightning_module_hook(
  File "/home/ec474/.conda/envs/bmfm/lib/python3.10/site-packages/pytorch_lightning/trainer/call.py", line 177, in _call_lightning_module_hook
    output = fn(*args, **kwargs)
  File "/home/ec474/.conda/envs/bmfm/lib/python3.10/site-packages/pytorch_lightning/core/module.py", line 1368, in optimizer_step
    optimizer.step(closure=optimizer_closure)
  File "/home/ec474/.conda/envs/bmfm/lib/python3.10/site-packages/pytorch_lightning/core/optimizer.py", line 154, in step
    step_output = self._strategy.optimizer_step(self._optimizer, closure, **kwargs)
  File "/home/ec474/.conda/envs/bmfm/lib/python3.10/site-packages/pytorch_lightning/strategies/strategy.py", line 239, in optimizer_step
    return self.precision_plugin.optimizer_step(optimizer, model=model, closure=closure, **kwargs)
  File "/home/ec474/.conda/envs/bmfm/lib/python3.10/site-packages/pytorch_lightning/plugins/precision/precision.py", line 123, in optimizer_step
    return optimizer.step(closure=closure, **kwargs)
  File "/home/ec474/.conda/envs/bmfm/lib/python3.10/site-packages/torch/optim/optimizer.py", line 484, in wrapper
    out = func(*args, **kwargs)
  File "/home/ec474/.conda/envs/bmfm/lib/python3.10/site-packages/torch/optim/optimizer.py", line 89, in _use_grad
    ret = func(self, *args, **kwargs)
  File "/home/ec474/.conda/envs/bmfm/lib/python3.10/site-packages/torch/optim/adamw.py", line 204, in step
    loss = closure()
  File "/home/ec474/.conda/envs/bmfm/lib/python3.10/site-packages/pytorch_lightning/plugins/precision/precision.py", line 109, in _wrap_closure
    closure_result = closure()
  File "/home/ec474/.conda/envs/bmfm/lib/python3.10/site-packages/pytorch_lightning/loops/optimization/automatic.py", line 146, in __call__
    self._result = self.closure(*args, **kwargs)
  File "/home/ec474/.conda/envs/bmfm/lib/python3.10/site-packages/torch/utils/_contextlib.py", line 116, in decorate_context
    return func(*args, **kwargs)
  File "/home/ec474/.conda/envs/bmfm/lib/python3.10/site-packages/pytorch_lightning/loops/optimization/automatic.py", line 131, in closure
    step_output = self._step_fn()
  File "/home/ec474/.conda/envs/bmfm/lib/python3.10/site-packages/pytorch_lightning/loops/optimization/automatic.py", line 319, in _training_step
    training_step_output = call._call_strategy_hook(trainer, "training_step", *kwargs.values())
  File "/home/ec474/.conda/envs/bmfm/lib/python3.10/site-packages/pytorch_lightning/trainer/call.py", line 329, in _call_strategy_hook
    output = fn(*args, **kwargs)
  File "/home/ec474/.conda/envs/bmfm/lib/python3.10/site-packages/pytorch_lightning/strategies/strategy.py", line 391, in training_step
    return self.lightning_module.training_step(*args, **kwargs)
  File "/rds/user/ec474/hpc-work/biomed-multi-omic/bmfm_targets/training/modules/base.py", line 349, in training_step
    outputs = self.model(
  File "/home/ec474/.conda/envs/bmfm/lib/python3.10/site-packages/torch/nn/modules/module.py", line 1553, in _wrapped_call_impl
    return self._call_impl(*args, **kwargs)
  File "/home/ec474/.conda/envs/bmfm/lib/python3.10/site-packages/torch/nn/modules/module.py", line 1562, in _call_impl
    return forward_call(*args, **kwargs)
  File "/rds/user/ec474/hpc-work/biomed-multi-omic/bmfm_targets/models/predictive/scmodernbert/modeling_scmodernbert.py", line 1389, in forward
    outputs = self.scmodernbert(
  File "/home/ec474/.conda/envs/bmfm/lib/python3.10/site-packages/torch/nn/modules/module.py", line 1553, in _wrapped_call_impl
    return self._call_impl(*args, **kwargs)
  File "/home/ec474/.conda/envs/bmfm/lib/python3.10/site-packages/torch/nn/modules/module.py", line 1562, in _call_impl
    return forward_call(*args, **kwargs)
  File "/rds/user/ec474/hpc-work/biomed-multi-omic/bmfm_targets/models/predictive/scmodernbert/modeling_scmodernbert.py", line 836, in forward
    layer_outputs = encoder_layer(
  File "/home/ec474/.conda/envs/bmfm/lib/python3.10/site-packages/torch/nn/modules/module.py", line 1553, in _wrapped_call_impl
    return self._call_impl(*args, **kwargs)
  File "/home/ec474/.conda/envs/bmfm/lib/python3.10/site-packages/torch/nn/modules/module.py", line 1562, in _call_impl
    return forward_call(*args, **kwargs)
  File "/rds/user/ec474/hpc-work/biomed-multi-omic/bmfm_targets/models/predictive/scmodernbert/modeling_scmodernbert.py", line 499, in forward
    self.compiled_mlp(hidden_states)
  File "/home/ec474/.conda/envs/bmfm/lib/python3.10/site-packages/torch/_dynamo/eval_frame.py", line 433, in _fn
    return fn(*args, **kwargs)
  File "/home/ec474/.conda/envs/bmfm/lib/python3.10/site-packages/torch/_dynamo/convert_frame.py", line 1116, in __call__
    return self._torchdynamo_orig_callable(
  File "/home/ec474/.conda/envs/bmfm/lib/python3.10/site-packages/torch/_dynamo/convert_frame.py", line 948, in __call__
    result = self._inner_convert(
  File "/home/ec474/.conda/envs/bmfm/lib/python3.10/site-packages/torch/_dynamo/convert_frame.py", line 472, in __call__
    return _compile(
  File "/home/ec474/.conda/envs/bmfm/lib/python3.10/site-packages/torch/_utils_internal.py", line 84, in wrapper_function
    return StrobelightCompileTimeProfiler.profile_compile_time(
  File "/home/ec474/.conda/envs/bmfm/lib/python3.10/site-packages/torch/_strobelight/compile_time_profiler.py", line 129, in profile_compile_time
    return func(*args, **kwargs)
  File "/home/ec474/.conda/envs/bmfm/lib/python3.10/contextlib.py", line 79, in inner
    return func(*args, **kwds)
  File "/home/ec474/.conda/envs/bmfm/lib/python3.10/site-packages/torch/_dynamo/convert_frame.py", line 817, in _compile
    guarded_code = compile_inner(code, one_graph, hooks, transform)
  File "/home/ec474/.conda/envs/bmfm/lib/python3.10/site-packages/torch/_dynamo/utils.py", line 231, in time_wrapper
    r = func(*args, **kwargs)
  File "/home/ec474/.conda/envs/bmfm/lib/python3.10/site-packages/torch/_dynamo/convert_frame.py", line 636, in compile_inner
    out_code = transform_code_object(code, transform)
  File "/home/ec474/.conda/envs/bmfm/lib/python3.10/site-packages/torch/_dynamo/bytecode_transformation.py", line 1185, in transform_code_object
    transformations(instructions, code_options)
  File "/home/ec474/.conda/envs/bmfm/lib/python3.10/site-packages/torch/_dynamo/convert_frame.py", line 178, in _fn
    return fn(*args, **kwargs)
  File "/home/ec474/.conda/envs/bmfm/lib/python3.10/site-packages/torch/_dynamo/convert_frame.py", line 582, in transform
    tracer.run()
  File "/home/ec474/.conda/envs/bmfm/lib/python3.10/site-packages/torch/_dynamo/symbolic_convert.py", line 2451, in run
    super().run()
  File "/home/ec474/.conda/envs/bmfm/lib/python3.10/site-packages/torch/_dynamo/symbolic_convert.py", line 893, in run
    while self.step():
  File "/home/ec474/.conda/envs/bmfm/lib/python3.10/site-packages/torch/_dynamo/symbolic_convert.py", line 805, in step
    self.dispatch_table[inst.opcode](self, inst)
  File "/home/ec474/.conda/envs/bmfm/lib/python3.10/site-packages/torch/_dynamo/symbolic_convert.py", line 2642, in RETURN_VALUE
    self._return(inst)
  File "/home/ec474/.conda/envs/bmfm/lib/python3.10/site-packages/torch/_dynamo/symbolic_convert.py", line 2627, in _return
    self.output.compile_subgraph(
  File "/home/ec474/.conda/envs/bmfm/lib/python3.10/site-packages/torch/_dynamo/output_graph.py", line 1098, in compile_subgraph
    self.compile_and_call_fx_graph(tx, list(reversed(stack_values)), root)
  File "/home/ec474/.conda/envs/bmfm/lib/python3.10/contextlib.py", line 79, in inner
    return func(*args, **kwds)
  File "/home/ec474/.conda/envs/bmfm/lib/python3.10/site-packages/torch/_dynamo/output_graph.py", line 1318, in compile_and_call_fx_graph
    compiled_fn = self.call_user_compiler(gm)
  File "/home/ec474/.conda/envs/bmfm/lib/python3.10/site-packages/torch/_dynamo/utils.py", line 231, in time_wrapper
    r = func(*args, **kwargs)
  File "/home/ec474/.conda/envs/bmfm/lib/python3.10/site-packages/torch/_dynamo/output_graph.py", line 1409, in call_user_compiler
    raise BackendCompilerFailed(self.compiler_fn, e).with_traceback(
  File "/home/ec474/.conda/envs/bmfm/lib/python3.10/site-packages/torch/_dynamo/output_graph.py", line 1390, in call_user_compiler
    compiled_fn = compiler_fn(gm, self.example_inputs())
  File "/home/ec474/.conda/envs/bmfm/lib/python3.10/site-packages/torch/_dynamo/repro/after_dynamo.py", line 129, in __call__
    compiled_gm = compiler_fn(gm, example_inputs)
  File "/home/ec474/.conda/envs/bmfm/lib/python3.10/site-packages/torch/__init__.py", line 1951, in __call__
    return compile_fx(model_, inputs_, config_patches=self.config)
  File "/home/ec474/.conda/envs/bmfm/lib/python3.10/contextlib.py", line 79, in inner
    return func(*args, **kwds)
  File "/home/ec474/.conda/envs/bmfm/lib/python3.10/site-packages/torch/_inductor/compile_fx.py", line 1505, in compile_fx
    return aot_autograd(
  File "/home/ec474/.conda/envs/bmfm/lib/python3.10/site-packages/torch/_dynamo/backends/common.py", line 69, in __call__
    cg = aot_module_simplified(gm, example_inputs, **self.kwargs)
  File "/home/ec474/.conda/envs/bmfm/lib/python3.10/site-packages/torch/_functorch/aot_autograd.py", line 954, in aot_module_simplified
    compiled_fn, _ = create_aot_dispatcher_function(
  File "/home/ec474/.conda/envs/bmfm/lib/python3.10/site-packages/torch/_dynamo/utils.py", line 231, in time_wrapper
    r = func(*args, **kwargs)
  File "/home/ec474/.conda/envs/bmfm/lib/python3.10/site-packages/torch/_functorch/aot_autograd.py", line 687, in create_aot_dispatcher_function
    compiled_fn, fw_metadata = compiler_fn(
  File "/home/ec474/.conda/envs/bmfm/lib/python3.10/site-packages/torch/_functorch/_aot_autograd/jit_compile_runtime_wrappers.py", line 461, in aot_dispatch_autograd
    compiled_fw_func = aot_config.fw_compiler(fw_module, adjusted_flat_args)
  File "/home/ec474/.conda/envs/bmfm/lib/python3.10/site-packages/torch/_dynamo/utils.py", line 231, in time_wrapper
    r = func(*args, **kwargs)
  File "/home/ec474/.conda/envs/bmfm/lib/python3.10/site-packages/torch/_inductor/compile_fx.py", line 1410, in fw_compiler_base
    return inner_compile(
  File "/home/ec474/.conda/envs/bmfm/lib/python3.10/site-packages/torch/_dynamo/repro/after_aot.py", line 84, in debug_wrapper
    inner_compiled_fn = compiler_fn(gm, example_inputs)
  File "/home/ec474/.conda/envs/bmfm/lib/python3.10/site-packages/torch/_inductor/debug.py", line 304, in inner
    return fn(*args, **kwargs)
  File "/home/ec474/.conda/envs/bmfm/lib/python3.10/contextlib.py", line 79, in inner
    return func(*args, **kwds)
  File "/home/ec474/.conda/envs/bmfm/lib/python3.10/contextlib.py", line 79, in inner
    return func(*args, **kwds)
  File "/home/ec474/.conda/envs/bmfm/lib/python3.10/site-packages/torch/_dynamo/utils.py", line 231, in time_wrapper
    r = func(*args, **kwargs)
  File "/home/ec474/.conda/envs/bmfm/lib/python3.10/site-packages/torch/_inductor/compile_fx.py", line 527, in compile_fx_inner
    compiled_graph = fx_codegen_and_compile(
  File "/home/ec474/.conda/envs/bmfm/lib/python3.10/contextlib.py", line 79, in inner
    return func(*args, **kwds)
  File "/home/ec474/.conda/envs/bmfm/lib/python3.10/site-packages/torch/_inductor/compile_fx.py", line 831, in fx_codegen_and_compile
    compiled_fn = graph.compile_to_fn()
  File "/home/ec474/.conda/envs/bmfm/lib/python3.10/site-packages/torch/_inductor/graph.py", line 1751, in compile_to_fn
    return self.compile_to_module().call
  File "/home/ec474/.conda/envs/bmfm/lib/python3.10/site-packages/torch/_dynamo/utils.py", line 231, in time_wrapper
    r = func(*args, **kwargs)
  File "/home/ec474/.conda/envs/bmfm/lib/python3.10/site-packages/torch/_inductor/graph.py", line 1680, in compile_to_module
    self.codegen_with_cpp_wrapper() if self.cpp_wrapper else self.codegen()
  File "/home/ec474/.conda/envs/bmfm/lib/python3.10/site-packages/torch/_inductor/graph.py", line 1640, in codegen
    self.scheduler.codegen()
  File "/home/ec474/.conda/envs/bmfm/lib/python3.10/site-packages/torch/_dynamo/utils.py", line 231, in time_wrapper
    r = func(*args, **kwargs)
  File "/home/ec474/.conda/envs/bmfm/lib/python3.10/site-packages/torch/_inductor/scheduler.py", line 2741, in codegen
    self.get_backend(device).codegen_node(node)
  File "/home/ec474/.conda/envs/bmfm/lib/python3.10/site-packages/torch/_inductor/codegen/cuda_combined_scheduling.py", line 69, in codegen_node
    return self._triton_scheduling.codegen_node(node)
  File "/home/ec474/.conda/envs/bmfm/lib/python3.10/site-packages/torch/_inductor/codegen/simd.py", line 1148, in codegen_node
    return self.codegen_node_schedule(node_schedule, buf_accesses, numel, rnumel)
  File "/home/ec474/.conda/envs/bmfm/lib/python3.10/site-packages/torch/_inductor/codegen/simd.py", line 1317, in codegen_node_schedule
    src_code = kernel.codegen_kernel()
  File "/home/ec474/.conda/envs/bmfm/lib/python3.10/site-packages/torch/_inductor/codegen/triton.py", line 2159, in codegen_kernel
    **self.inductor_meta_common(),
  File "/home/ec474/.conda/envs/bmfm/lib/python3.10/site-packages/torch/_inductor/codegen/triton.py", line 2047, in inductor_meta_common
    "backend_hash": torch.utils._triton.triton_hash_with_backend(),
  File "/home/ec474/.conda/envs/bmfm/lib/python3.10/site-packages/torch/utils/_triton.py", line 63, in triton_hash_with_backend
    backend = triton_backend()
  File "/home/ec474/.conda/envs/bmfm/lib/python3.10/site-packages/torch/utils/_triton.py", line 49, in triton_backend
    target = driver.active.get_current_target()
  File "/home/ec474/.conda/envs/bmfm/lib/python3.10/site-packages/triton/runtime/driver.py", line 23, in __getattr__
    self._initialize_obj()
  File "/home/ec474/.conda/envs/bmfm/lib/python3.10/site-packages/triton/runtime/driver.py", line 20, in _initialize_obj
    self._obj = self._init_fn()
  File "/home/ec474/.conda/envs/bmfm/lib/python3.10/site-packages/triton/runtime/driver.py", line 9, in _create_driver
    return actives[0]()
  File "/home/ec474/.conda/envs/bmfm/lib/python3.10/site-packages/triton/backends/nvidia/driver.py", line 371, in __init__
    self.utils = CudaUtils()  # TODO: make static
  File "/home/ec474/.conda/envs/bmfm/lib/python3.10/site-packages/triton/backends/nvidia/driver.py", line 80, in __init__
    mod = compile_module_from_src(Path(os.path.join(dirname, "driver.c")).read_text(), "cuda_utils")
  File "/home/ec474/.conda/envs/bmfm/lib/python3.10/site-packages/triton/backends/nvidia/driver.py", line 57, in compile_module_from_src
    so = _build(name, src_path, tmpdir, library_dirs(), include_dir, libraries)
  File "/home/ec474/.conda/envs/bmfm/lib/python3.10/site-packages/triton/runtime/build.py", line 48, in _build
    ret = subprocess.check_call(cc_cmd)
  File "/home/ec474/.conda/envs/bmfm/lib/python3.10/subprocess.py", line 369, in check_call
    raise CalledProcessError(retcode, cmd)
torch._dynamo.exc.BackendCompilerFailed: backend='inductor' raised:
CalledProcessError: Command '['/usr/local/software/spack/csd3/opt-2024-06-01/linux-rocky8-cascadelake/gcc-12.3.0/intel-oneapi-compilers-2023.2.4-4lbvg4hvorjpsigdahoqirplf4gqmsiy/compiler/2023.2.4/linux/bin/icx', '/tmp/tmpuwfjs6gt/main.c', '-O3', '-shared', '-fPIC', '-o', '/tmp/tmpuwfjs6gt/cuda_utils.cpython-310-x86_64-linux-gnu.so', '-lcuda', '-L/home/ec474/.conda/envs/bmfm/lib/python3.10/site-packages/triton/backends/nvidia/lib', '-L/lib64', '-I/home/ec474/.conda/envs/bmfm/lib/python3.10/site-packages/triton/backends/nvidia/include', '-I/tmp/tmpuwfjs6gt', '-I/home/ec474/.conda/envs/bmfm/include/python3.10']' returned non-zero exit status 1.

Set TORCH_LOGS="+dynamo" and TORCHDYNAMO_VERBOSE=1 for more information


You can suppress this exception and fall back to eager by setting:
    import torch._dynamo
    torch._dynamo.config.suppress_errors = True


Set the environment variable HYDRA_FULL_ERROR=1 for a complete stack trace.
