Fetching 12 files:   0%|          | 0/12 [00:00<?, ?it/s]Fetching 12 files: 100%|██████████| 12/12 [00:00<00:00, 129720.74it/s]
`torch_dtype` is deprecated! Use `dtype` instead!
Fetching 10 files:   0%|          | 0/10 [00:00<?, ?it/s]Fetching 10 files: 100%|██████████| 10/10 [00:00<00:00, 73455.41it/s]
[rank: 0] Seed set to 1234
GPU available: True (cuda), used: True
TPU available: False, using: 0 TPU cores
💡 Tip: For seamless cloud logging and experiment tracking, try installing [litlogger](https://pypi.org/project/litlogger/) to enable LitLogger, which logs metrics and artifacts automatically to the Lightning Experiments platform.
Fetching 12 files:   0%|          | 0/12 [00:00<?, ?it/s]Fetching 12 files: 100%|██████████| 12/12 [00:00<00:00, 91180.52it/s]
SCModernBertForMultiTaskModeling has generative capabilities, as `prepare_inputs_for_generation` is explicitly defined. However, it doesn't directly inherit from `GenerationMixin`. From 👉v4.50👈 onwards, `PreTrainedModel` will NOT inherit from `GenerationMixin`, and this model will lose the ability to call `generate` and other related functions.
  - If you're using `trust_remote_code=True`, you can get rid of this warning by loading the model with an auto class. See https://huggingface.co/docs/transformers/en/model_doc/auto#auto-classes
  - If you are the owner of the model architecture code, please modify your model class such that it inherits from `GenerationMixin` (after `PreTrainedModel`, otherwise you'll get an exception).
  - If you are not the owner of the model architecture class, please contact the model code owner to update it.
Initializing distributed: GLOBAL_RANK: 0, MEMBER: 1/1
[W504 21:43:34.734390467 CUDAAllocatorConfig.h:28] Warning: expandable_segments not supported on this platform (function operator())
----------------------------------------------------------------------------------------------------
distributed_backend=nccl
All distributed processes registered. Starting with 1 processes
----------------------------------------------------------------------------------------------------

/home/ec474/.conda/envs/bmfm/lib/python3.10/site-packages/pytorch_lightning/callbacks/model_checkpoint.py:881: Checkpoint directory /rds/user/ec474/hpc-work/ADNI_SNP/bmfm_gwas_regression_output/bmfm_gwas_combos_lr1e6_2ep exists and is not empty.
LOCAL_RANK: 0 - CUDA_VISIBLE_DEVICES: [0,1]
SLURM auto-requeueing enabled. Setting signal handlers.
Error executing job with overrides: ['input_directory=/home/ec474/rds/hpc-work/ADNI_SNP/bmfm_gwas_signed_regression_without_ukb_augmented_by_chrom_combos', 'working_dir=/home/ec474/rds/hpc-work/ADNI_SNP/bmfm_gwas_regression_output/bmfm_gwas_combos_lr1e6_2ep', "checkpoint='ibm-research/biomed.dna.snp.modernbert.113m.v1'"]
Traceback (most recent call last):
  File "/home/ec474/.conda/envs/bmfm/lib/python3.10/site-packages/clearml/binding/hydra_bind.py", line 230, in _patched_task_function
    return task_function(a_config, *a_args, **a_kwargs)
  File "/rds/user/ec474/hpc-work/biomed-multi-omic/bmfm_targets/tasks/scbert/scbert_main.py", line 44, in main
    trainer = main_run(
  File "/rds/user/ec474/hpc-work/biomed-multi-omic/bmfm_targets/tasks/task_utils.py", line 79, in main_run
    train_run(pl_trainer, task_config, model_config, data_module, trainer_config)
  File "/rds/user/ec474/hpc-work/biomed-multi-omic/bmfm_targets/tasks/task_utils.py", line 111, in train_run
    train(
  File "/rds/user/ec474/hpc-work/biomed-multi-omic/bmfm_targets/tasks/task_utils.py", line 433, in train
    pl_trainer.fit(**kwargs)
  File "/home/ec474/.conda/envs/bmfm/lib/python3.10/site-packages/pytorch_lightning/trainer/trainer.py", line 584, in fit
    call._call_and_handle_interrupt(
  File "/home/ec474/.conda/envs/bmfm/lib/python3.10/site-packages/pytorch_lightning/trainer/call.py", line 48, in _call_and_handle_interrupt
    return trainer.strategy.launcher.launch(trainer_fn, *args, trainer=trainer, **kwargs)
  File "/home/ec474/.conda/envs/bmfm/lib/python3.10/site-packages/pytorch_lightning/strategies/launchers/subprocess_script.py", line 105, in launch
    return function(*args, **kwargs)
  File "/home/ec474/.conda/envs/bmfm/lib/python3.10/site-packages/pytorch_lightning/trainer/trainer.py", line 630, in _fit_impl
    self._run(model, ckpt_path=ckpt_path, weights_only=weights_only)
  File "/home/ec474/.conda/envs/bmfm/lib/python3.10/site-packages/pytorch_lightning/trainer/trainer.py", line 1079, in _run
    results = self._run_stage()
  File "/home/ec474/.conda/envs/bmfm/lib/python3.10/site-packages/pytorch_lightning/trainer/trainer.py", line 1123, in _run_stage
    self.fit_loop.run()
  File "/home/ec474/.conda/envs/bmfm/lib/python3.10/site-packages/pytorch_lightning/loops/fit_loop.py", line 217, in run
    self.advance()
  File "/home/ec474/.conda/envs/bmfm/lib/python3.10/site-packages/pytorch_lightning/loops/fit_loop.py", line 465, in advance
    self.epoch_loop.run(self._data_fetcher)
  File "/home/ec474/.conda/envs/bmfm/lib/python3.10/site-packages/pytorch_lightning/loops/training_epoch_loop.py", line 153, in run
    self.advance(data_fetcher)
  File "/home/ec474/.conda/envs/bmfm/lib/python3.10/site-packages/pytorch_lightning/loops/training_epoch_loop.py", line 352, in advance
    batch_output = self.automatic_optimization.run(trainer.optimizers[0], batch_idx, kwargs)
  File "/home/ec474/.conda/envs/bmfm/lib/python3.10/site-packages/pytorch_lightning/loops/optimization/automatic.py", line 192, in run
    self._optimizer_step(batch_idx, closure)
  File "/home/ec474/.conda/envs/bmfm/lib/python3.10/site-packages/pytorch_lightning/loops/optimization/automatic.py", line 270, in _optimizer_step
    call._call_lightning_module_hook(
  File "/home/ec474/.conda/envs/bmfm/lib/python3.10/site-packages/pytorch_lightning/trainer/call.py", line 177, in _call_lightning_module_hook
    output = fn(*args, **kwargs)
  File "/home/ec474/.conda/envs/bmfm/lib/python3.10/site-packages/pytorch_lightning/core/module.py", line 1368, in optimizer_step
    optimizer.step(closure=optimizer_closure)
  File "/home/ec474/.conda/envs/bmfm/lib/python3.10/site-packages/pytorch_lightning/core/optimizer.py", line 154, in step
    step_output = self._strategy.optimizer_step(self._optimizer, closure, **kwargs)
  File "/home/ec474/.conda/envs/bmfm/lib/python3.10/site-packages/pytorch_lightning/strategies/ddp.py", line 274, in optimizer_step
    optimizer_output = super().optimizer_step(optimizer, closure, model, **kwargs)
  File "/home/ec474/.conda/envs/bmfm/lib/python3.10/site-packages/pytorch_lightning/strategies/strategy.py", line 239, in optimizer_step
    return self.precision_plugin.optimizer_step(optimizer, model=model, closure=closure, **kwargs)
  File "/home/ec474/.conda/envs/bmfm/lib/python3.10/site-packages/pytorch_lightning/plugins/precision/precision.py", line 123, in optimizer_step
    return optimizer.step(closure=closure, **kwargs)
  File "/home/ec474/.conda/envs/bmfm/lib/python3.10/site-packages/torch/optim/optimizer.py", line 484, in wrapper
    out = func(*args, **kwargs)
  File "/home/ec474/.conda/envs/bmfm/lib/python3.10/site-packages/torch/optim/optimizer.py", line 89, in _use_grad
    ret = func(self, *args, **kwargs)
  File "/home/ec474/.conda/envs/bmfm/lib/python3.10/site-packages/torch/optim/adamw.py", line 204, in step
    loss = closure()
  File "/home/ec474/.conda/envs/bmfm/lib/python3.10/site-packages/pytorch_lightning/plugins/precision/precision.py", line 109, in _wrap_closure
    closure_result = closure()
  File "/home/ec474/.conda/envs/bmfm/lib/python3.10/site-packages/pytorch_lightning/loops/optimization/automatic.py", line 146, in __call__
    self._result = self.closure(*args, **kwargs)
  File "/home/ec474/.conda/envs/bmfm/lib/python3.10/site-packages/torch/utils/_contextlib.py", line 116, in decorate_context
    return func(*args, **kwargs)
  File "/home/ec474/.conda/envs/bmfm/lib/python3.10/site-packages/pytorch_lightning/loops/optimization/automatic.py", line 131, in closure
    step_output = self._step_fn()
  File "/home/ec474/.conda/envs/bmfm/lib/python3.10/site-packages/pytorch_lightning/loops/optimization/automatic.py", line 319, in _training_step
    training_step_output = call._call_strategy_hook(trainer, "training_step", *kwargs.values())
  File "/home/ec474/.conda/envs/bmfm/lib/python3.10/site-packages/pytorch_lightning/trainer/call.py", line 329, in _call_strategy_hook
    output = fn(*args, **kwargs)
  File "/home/ec474/.conda/envs/bmfm/lib/python3.10/site-packages/pytorch_lightning/strategies/strategy.py", line 390, in training_step
    return self._forward_redirection(self.model, self.lightning_module, "training_step", *args, **kwargs)
  File "/home/ec474/.conda/envs/bmfm/lib/python3.10/site-packages/pytorch_lightning/strategies/strategy.py", line 641, in __call__
    wrapper_output = wrapper_module(*args, **kwargs)
  File "/home/ec474/.conda/envs/bmfm/lib/python3.10/site-packages/torch/nn/modules/module.py", line 1553, in _wrapped_call_impl
    return self._call_impl(*args, **kwargs)
  File "/home/ec474/.conda/envs/bmfm/lib/python3.10/site-packages/torch/nn/modules/module.py", line 1562, in _call_impl
    return forward_call(*args, **kwargs)
  File "/home/ec474/.conda/envs/bmfm/lib/python3.10/site-packages/torch/nn/parallel/distributed.py", line 1636, in forward
    else self._run_ddp_forward(*inputs, **kwargs)
  File "/home/ec474/.conda/envs/bmfm/lib/python3.10/site-packages/torch/nn/parallel/distributed.py", line 1454, in _run_ddp_forward
    return self.module(*inputs, **kwargs)  # type: ignore[index]
  File "/home/ec474/.conda/envs/bmfm/lib/python3.10/site-packages/torch/nn/modules/module.py", line 1553, in _wrapped_call_impl
    return self._call_impl(*args, **kwargs)
  File "/home/ec474/.conda/envs/bmfm/lib/python3.10/site-packages/torch/nn/modules/module.py", line 1562, in _call_impl
    return forward_call(*args, **kwargs)
  File "/home/ec474/.conda/envs/bmfm/lib/python3.10/site-packages/pytorch_lightning/strategies/strategy.py", line 634, in wrapped_forward
    out = method(*_args, **_kwargs)
  File "/rds/user/ec474/hpc-work/biomed-multi-omic/bmfm_targets/training/modules/base.py", line 349, in training_step
    outputs = self.model(
  File "/home/ec474/.conda/envs/bmfm/lib/python3.10/site-packages/torch/nn/modules/module.py", line 1553, in _wrapped_call_impl
    return self._call_impl(*args, **kwargs)
  File "/home/ec474/.conda/envs/bmfm/lib/python3.10/site-packages/torch/nn/modules/module.py", line 1562, in _call_impl
    return forward_call(*args, **kwargs)
  File "/rds/user/ec474/hpc-work/biomed-multi-omic/bmfm_targets/models/predictive/scmodernbert/modeling_scmodernbert.py", line 1389, in forward
    outputs = self.scmodernbert(
  File "/home/ec474/.conda/envs/bmfm/lib/python3.10/site-packages/torch/nn/modules/module.py", line 1553, in _wrapped_call_impl
    return self._call_impl(*args, **kwargs)
  File "/home/ec474/.conda/envs/bmfm/lib/python3.10/site-packages/torch/nn/modules/module.py", line 1562, in _call_impl
    return forward_call(*args, **kwargs)
  File "/rds/user/ec474/hpc-work/biomed-multi-omic/bmfm_targets/models/predictive/scmodernbert/modeling_scmodernbert.py", line 836, in forward
    layer_outputs = encoder_layer(
  File "/home/ec474/.conda/envs/bmfm/lib/python3.10/site-packages/torch/nn/modules/module.py", line 1553, in _wrapped_call_impl
    return self._call_impl(*args, **kwargs)
  File "/home/ec474/.conda/envs/bmfm/lib/python3.10/site-packages/torch/nn/modules/module.py", line 1562, in _call_impl
    return forward_call(*args, **kwargs)
  File "/rds/user/ec474/hpc-work/biomed-multi-omic/bmfm_targets/models/predictive/scmodernbert/modeling_scmodernbert.py", line 488, in forward
    attn_outputs = self.attn(
  File "/home/ec474/.conda/envs/bmfm/lib/python3.10/site-packages/torch/nn/modules/module.py", line 1553, in _wrapped_call_impl
    return self._call_impl(*args, **kwargs)
  File "/home/ec474/.conda/envs/bmfm/lib/python3.10/site-packages/torch/nn/modules/module.py", line 1562, in _call_impl
    return forward_call(*args, **kwargs)
  File "/rds/user/ec474/hpc-work/biomed-multi-omic/bmfm_targets/models/predictive/scmodernbert/modeling_scmodernbert.py", line 442, in forward
    attn_outputs = MODERNBERT_ATTENTION_FUNCTION[self.config._attn_implementation](
  File "/rds/user/ec474/hpc-work/biomed-multi-omic/bmfm_targets/models/predictive/scmodernbert/modeling_scmodernbert.py", line 337, in sdpa_attention_forward
    query, key = apply_rotary_pos_emb(query, key, cos, sin)
  File "/rds/user/ec474/hpc-work/biomed-multi-omic/bmfm_targets/models/predictive/scmodernbert/modeling_scmodernbert.py", line 233, in apply_rotary_pos_emb
    q_embed = (q * cos) + (rotate_half(q) * sin)
  File "/rds/user/ec474/hpc-work/biomed-multi-omic/bmfm_targets/models/predictive/scmodernbert/modeling_scmodernbert.py", line 219, in rotate_half
    return torch.cat((-x2, x1), dim=-1)
torch.OutOfMemoryError: CUDA out of memory. Tried to allocate 192.00 MiB. GPU 0 has a total capacity of 79.25 GiB of which 11.69 MiB is free. Including non-PyTorch memory, this process has 79.23 GiB memory in use. Of the allocated memory 78.40 GiB is allocated by PyTorch, and 28.47 MiB is reserved by PyTorch but unallocated. If reserved but unallocated memory is large try setting PYTORCH_CUDA_ALLOC_CONF=expandable_segments:True to avoid fragmentation.  See documentation for Memory Management  (https://pytorch.org/docs/stable/notes/cuda.html#environment-variables)

Set the environment variable HYDRA_FULL_ERROR=1 for a complete stack trace.
